// Jest Snapshot v1, https://goo.gl/fbAQLP

exports[`settings cbe actions should add CBE 1`] = `
{
  "address": "0x64371881e22e7cf48041c4da7efe0c9b7789aac7",
  "id": null,
  "isFailed": false,
  "isFetched": false,
  "isFetching": false,
  "isInited": false,
  "isPending": false,
  "isSelected": false,
  "name": "testUser",
  "timestamp": null,
  "transactionHash": null,
  "user": {
    "company": null,
    "email": null,
    "icon": null,
    "id": null,
    "name": "testUser",
    "timestamp": null,
    "tokens": [],
    "url": null
  }
}
`;

exports[`settings cbe actions should revoke CBE 1`] = `
{
  "address": "0x64371881e22e7cf48041c4da7efe0c9b7789aac7",
  "id": null,
  "isFailed": false,
  "isFetched": false,
  "isFetching": false,
  "isInited": false,
  "isPending": false,
  "isSelected": false,
  "name": "testUser",
  "timestamp": null,
  "transactionHash": null,
  "user": {
    "company": null,
    "email": null,
    "icon": null,
    "id": null,
    "name": "testUser",
    "timestamp": null,
    "tokens": [],
    "url": null
  }
}
`;
