// Jest Snapshot v1, https://goo.gl/fbAQLP

exports[`Multisig Wallet Model should create new model 1`] = `
  "address": a1,
  "dao": null,
  "id": null,
  "is2FA": false,
  "isFailed": false,
  "isFetched": false,
  "isFetching": false,
  "isMultisig": true,
  "isPending": false,
  "name": Wallet Name,
  "owners": {
    "0": owner1,
    "1": owner2,
  },
  "pendingTxList": {
    "id": null,
    "isFailed": false,
    "isFetched": false,
    "isFetching": false,
    "isPending": false,
    "list": {
      "tx1": {
        "id": tx1,
        "initiator": null,
        "isConfirmed": false,
        "isFailed": false,
        "isFetched": false,
        "isFetching": false,
        "isPending": false,
        "symbol": null,
        "timestamp": null,
        "to": null,
        "transactionHash": null,
        "value": 0,
      },
      "tx2": {
        "id": tx2,
        "initiator": null,
        "isConfirmed": false,
        "isFailed": false,
        "isFetched": false,
        "isFetching": false,
        "isPending": false,
        "symbol": null,
        "timestamp": null,
        "to": null,
        "transactionHash": null,
        "value": 0,
      },
    },
    "selected": null,
    "timestamp": null,
    "transactionHash": null,
  },
  "requiredSignatures": 2,
  "timestamp": null,
  "tokens": {
    "t1": {
      "address": null,
      "allowance": {
      },
      "balance": 0,
      "dao": null,
      "decimals": null,
      "fee": null,
      "feeAddress": null,
      "icon": null,
      "id": null,
      "isFailed": false,
      "isFetched": false,
      "isFetching": false,
      "isOptional": true,
      "isPending": false,
      "isReissuable": false,
      "managersList": null,
      "name": null,
      "platform": null,
      "symbol": TK1,
      "timestamp": null,
      "totalSupply": 0,
      "transactionHash": null,
      "url": null,
      "withFee": false,
    },
    "t2": {
      "address": null,
      "allowance": {
      },
      "balance": 0,
      "dao": null,
      "decimals": null,
      "fee": null,
      "feeAddress": null,
      "icon": null,
      "id": null,
      "isFailed": false,
      "isFetched": false,
      "isFetching": false,
      "isOptional": true,
      "isPending": false,
      "isReissuable": false,
      "managersList": null,
      "name": null,
      "platform": null,
      "symbol": TK2,
      "timestamp": null,
      "totalSupply": 0,
      "transactionHash": null,
      "url": null,
      "withFee": false,
    },
  },
  "transactionHash": null,
  "transactions": {
    "endOfList": false,
    "id": null,
    "isFailed": false,
    "isFetched": false,
    "isFetching": false,
    "isPending": false,
    "list": {
      "tx1": {
        "args": null,
        "blockHash": null,
        "blockNumber": null,
        "by": null,
        "credited": null,
        "from": null,
        "gas": null,
        "gasFee": 0,
        "gasPrice": null,
        "id": null,
        "input": null,
        "symbol": ,
        "time": null,
        "timestamp": null,
        "to": null,
        "transactionIndex": null,
        "txHash": hash1,
        "type": ,
        "value": 0,
      },
      "tx2": {
        "args": null,
        "blockHash": null,
        "blockNumber": null,
        "by": null,
        "credited": null,
        "from": null,
        "gas": null,
        "gasFee": 0,
        "gasPrice": null,
        "id": null,
        "input": null,
        "symbol": ,
        "time": null,
        "timestamp": null,
        "to": null,
        "transactionIndex": null,
        "txHash": hash2,
        "type": ,
        "value": 0,
      },
    },
    "selected": null,
    "timestamp": null,
    "transactionHash": null,
  },

`;
